---
source: tui/src/bottom_pane/chat_composer/tests/part2.rs
expression: terminal.backend()
---
"                                                            "
"› /mo                                                       "
"                                                            "
"  /model  choose what model to use                          "
"  /mode   choose what ACP session mode to use               "
